--------------------------------------------------------------------------------
Release 14.7 Trace  (nt64)
Copyright (c) 1995-2013 Xilinx, Inc.  All rights reserved.

D:\Polytech\Xilinx\14.7\ISE_DS\ISE\bin\nt64\unwrapped\trce.exe -intstyle ise -v
3 -s 5 -n 3 -fastpaths -xml TopLevel.twx TopLevel.ncd -o TopLevel.twr
TopLevel.pcf -ucf Constraints.ucf

Design file:              TopLevel.ncd
Physical constraint file: TopLevel.pcf
Device,package,speed:     xc3s50a,tq144,-5 (PRODUCTION 1.42 2013-10-13)
Report level:             verbose report

Environment Variable      Effect 
--------------------      ------ 
NONE                      No environment variables were set
--------------------------------------------------------------------------------

INFO:Timing:3412 - To improve timing, see the Timing Closure User Guide (UG612).
INFO:Timing:2752 - To get complete path coverage, use the unconstrained paths 
   option. All paths that are not constrained will be reported in the 
   unconstrained paths section(s) of the report.
INFO:Timing:3339 - The clock-to-out numbers in this timing report are based on 
   a 50 Ohm transmission line loading model.  For the details of this model, 
   and for more information on accounting for different loading conditions, 
   please see the device datasheet.
INFO:Timing:3390 - This architecture does not support a default System Jitter 
   value, please add SYSTEM_JITTER constraint to the UCF to modify the Clock 
   Uncertainty calculation.
INFO:Timing:3389 - This architecture does not support 'Discrete Jitter' and 
   'Phase Error' calculations, these terms will be zero in the Clock 
   Uncertainty calculation.  Please make appropriate modification to 
   SYSTEM_JITTER to account for the unsupported Discrete Jitter and Phase 
   Error.

================================================================================
Timing constraint: NET "CLOCK_BUFGP/IBUFG" PERIOD = 83.3333333 ns HIGH 50%;
For more information, see Period Analysis in the Timing Closure User Guide (UG612).

 136 paths analyzed, 38 endpoints analyzed, 0 failing endpoints
 0 timing errors detected. (0 setup errors, 0 hold errors, 0 component switching limit errors)
 Minimum period is   3.420ns.
--------------------------------------------------------------------------------

Paths for end point XLXI_2/COUNT_15 (SLICE_X7Y29.CIN), 14 paths
--------------------------------------------------------------------------------
Slack (setup path):     79.913ns (requirement - (data path - clock path skew + uncertainty))
  Source:               XLXI_2/COUNT_0 (FF)
  Destination:          XLXI_2/COUNT_15 (FF)
  Requirement:          83.333ns
  Data Path Delay:      3.434ns (Levels of Logic = 8)
  Clock Path Skew:      0.014ns (0.052 - 0.038)
  Source Clock:         CLOCK_BUFGP rising at 0.000ns
  Destination Clock:    CLOCK_BUFGP rising at 83.333ns
  Clock Uncertainty:    0.000ns

  Maximum Data Path: XLXI_2/COUNT_0 to XLXI_2/COUNT_15
    Location             Delay type         Delay(ns)  Physical Resource
                                                       Logical Resource(s)
    -------------------------------------------------  -------------------
    SLICE_X7Y22.XQ       Tcko                  0.495   XLXI_2/COUNT<0>
                                                       XLXI_2/COUNT_0
    SLICE_X7Y22.F1       net (fanout=2)        0.429   XLXI_2/COUNT<0>
    SLICE_X7Y22.COUT     Topcyf                1.026   XLXI_2/COUNT<0>
                                                       XLXI_2/Mcount_COUNT_lut<0>_INV_0
                                                       XLXI_2/Mcount_COUNT_cy<0>
                                                       XLXI_2/Mcount_COUNT_cy<1>
    SLICE_X7Y23.CIN      net (fanout=1)        0.000   XLXI_2/Mcount_COUNT_cy<1>
    SLICE_X7Y23.COUT     Tbyp                  0.130   XLXI_2/COUNT<2>
                                                       XLXI_2/Mcount_COUNT_cy<2>
                                                       XLXI_2/Mcount_COUNT_cy<3>
    SLICE_X7Y24.CIN      net (fanout=1)        0.000   XLXI_2/Mcount_COUNT_cy<3>
    SLICE_X7Y24.COUT     Tbyp                  0.130   XLXI_2/COUNT<4>
                                                       XLXI_2/Mcount_COUNT_cy<4>
                                                       XLXI_2/Mcount_COUNT_cy<5>
    SLICE_X7Y25.CIN      net (fanout=1)        0.000   XLXI_2/Mcount_COUNT_cy<5>
    SLICE_X7Y25.COUT     Tbyp                  0.130   XLXI_2/COUNT<6>
                                                       XLXI_2/Mcount_COUNT_cy<6>
                                                       XLXI_2/Mcount_COUNT_cy<7>
    SLICE_X7Y26.CIN      net (fanout=1)        0.000   XLXI_2/Mcount_COUNT_cy<7>
    SLICE_X7Y26.COUT     Tbyp                  0.130   XLXI_2/COUNT<8>
                                                       XLXI_2/Mcount_COUNT_cy<8>
                                                       XLXI_2/Mcount_COUNT_cy<9>
    SLICE_X7Y27.CIN      net (fanout=1)        0.000   XLXI_2/Mcount_COUNT_cy<9>
    SLICE_X7Y27.COUT     Tbyp                  0.130   XLXI_2/COUNT<10>
                                                       XLXI_2/Mcount_COUNT_cy<10>
                                                       XLXI_2/Mcount_COUNT_cy<11>
    SLICE_X7Y28.CIN      net (fanout=1)        0.000   XLXI_2/Mcount_COUNT_cy<11>
    SLICE_X7Y28.COUT     Tbyp                  0.130   XLXI_2/COUNT<12>
                                                       XLXI_2/Mcount_COUNT_cy<12>
                                                       XLXI_2/Mcount_COUNT_cy<13>
    SLICE_X7Y29.CIN      net (fanout=1)        0.000   XLXI_2/Mcount_COUNT_cy<13>
    SLICE_X7Y29.CLK      Tcinck                0.704   XLXI_2/COUNT<14>
                                                       XLXI_2/Mcount_COUNT_cy<14>
                                                       XLXI_2/Mcount_COUNT_xor<15>
                                                       XLXI_2/COUNT_15
    -------------------------------------------------  ---------------------------
    Total                                      3.434ns (3.005ns logic, 0.429ns route)
                                                       (87.5% logic, 12.5% route)

--------------------------------------------------------------------------------
Slack (setup path):     80.002ns (requirement - (data path - clock path skew + uncertainty))
  Source:               XLXI_2/COUNT_1 (FF)
  Destination:          XLXI_2/COUNT_15 (FF)
  Requirement:          83.333ns
  Data Path Delay:      3.345ns (Levels of Logic = 8)
  Clock Path Skew:      0.014ns (0.052 - 0.038)
  Source Clock:         CLOCK_BUFGP rising at 0.000ns
  Destination Clock:    CLOCK_BUFGP rising at 83.333ns
  Clock Uncertainty:    0.000ns

  Maximum Data Path: XLXI_2/COUNT_1 to XLXI_2/COUNT_15
    Location             Delay type         Delay(ns)  Physical Resource
                                                       Logical Resource(s)
    -------------------------------------------------  -------------------
    SLICE_X7Y22.YQ       Tcko                  0.524   XLXI_2/COUNT<0>
                                                       XLXI_2/COUNT_1
    SLICE_X7Y22.G4       net (fanout=2)        0.328   XLXI_2/COUNT<1>
    SLICE_X7Y22.COUT     Topcyg                1.009   XLXI_2/COUNT<0>
                                                       XLXI_2/COUNT<1>_rt
                                                       XLXI_2/Mcount_COUNT_cy<1>
    SLICE_X7Y23.CIN      net (fanout=1)        0.000   XLXI_2/Mcount_COUNT_cy<1>
    SLICE_X7Y23.COUT     Tbyp                  0.130   XLXI_2/COUNT<2>
                                                       XLXI_2/Mcount_COUNT_cy<2>
                                                       XLXI_2/Mcount_COUNT_cy<3>
    SLICE_X7Y24.CIN      net (fanout=1)        0.000   XLXI_2/Mcount_COUNT_cy<3>
    SLICE_X7Y24.COUT     Tbyp                  0.130   XLXI_2/COUNT<4>
                                                       XLXI_2/Mcount_COUNT_cy<4>
                                                       XLXI_2/Mcount_COUNT_cy<5>
    SLICE_X7Y25.CIN      net (fanout=1)        0.000   XLXI_2/Mcount_COUNT_cy<5>
    SLICE_X7Y25.COUT     Tbyp                  0.130   XLXI_2/COUNT<6>
                                                       XLXI_2/Mcount_COUNT_cy<6>
                                                       XLXI_2/Mcount_COUNT_cy<7>
    SLICE_X7Y26.CIN      net (fanout=1)        0.000   XLXI_2/Mcount_COUNT_cy<7>
    SLICE_X7Y26.COUT     Tbyp                  0.130   XLXI_2/COUNT<8>
                                                       XLXI_2/Mcount_COUNT_cy<8>
                                                       XLXI_2/Mcount_COUNT_cy<9>
    SLICE_X7Y27.CIN      net (fanout=1)        0.000   XLXI_2/Mcount_COUNT_cy<9>
    SLICE_X7Y27.COUT     Tbyp                  0.130   XLXI_2/COUNT<10>
                                                       XLXI_2/Mcount_COUNT_cy<10>
                                                       XLXI_2/Mcount_COUNT_cy<11>
    SLICE_X7Y28.CIN      net (fanout=1)        0.000   XLXI_2/Mcount_COUNT_cy<11>
    SLICE_X7Y28.COUT     Tbyp                  0.130   XLXI_2/COUNT<12>
                                                       XLXI_2/Mcount_COUNT_cy<12>
                                                       XLXI_2/Mcount_COUNT_cy<13>
    SLICE_X7Y29.CIN      net (fanout=1)        0.000   XLXI_2/Mcount_COUNT_cy<13>
    SLICE_X7Y29.CLK      Tcinck                0.704   XLXI_2/COUNT<14>
                                                       XLXI_2/Mcount_COUNT_cy<14>
                                                       XLXI_2/Mcount_COUNT_xor<15>
                                                       XLXI_2/COUNT_15
    -------------------------------------------------  ---------------------------
    Total                                      3.345ns (3.017ns logic, 0.328ns route)
                                                       (90.2% logic, 9.8% route)

--------------------------------------------------------------------------------
Slack (setup path):     80.053ns (requirement - (data path - clock path skew + uncertainty))
  Source:               XLXI_2/COUNT_2 (FF)
  Destination:          XLXI_2/COUNT_15 (FF)
  Requirement:          83.333ns
  Data Path Delay:      3.294ns (Levels of Logic = 7)
  Clock Path Skew:      0.014ns (0.052 - 0.038)
  Source Clock:         CLOCK_BUFGP rising at 0.000ns
  Destination Clock:    CLOCK_BUFGP rising at 83.333ns
  Clock Uncertainty:    0.000ns

  Maximum Data Path: XLXI_2/COUNT_2 to XLXI_2/COUNT_15
    Location             Delay type         Delay(ns)  Physical Resource
                                                       Logical Resource(s)
    -------------------------------------------------  -------------------
    SLICE_X7Y23.XQ       Tcko                  0.495   XLXI_2/COUNT<2>
                                                       XLXI_2/COUNT_2
    SLICE_X7Y23.F2       net (fanout=2)        0.419   XLXI_2/COUNT<2>
    SLICE_X7Y23.COUT     Topcyf                1.026   XLXI_2/COUNT<2>
                                                       XLXI_2/COUNT<2>_rt
                                                       XLXI_2/Mcount_COUNT_cy<2>
                                                       XLXI_2/Mcount_COUNT_cy<3>
    SLICE_X7Y24.CIN      net (fanout=1)        0.000   XLXI_2/Mcount_COUNT_cy<3>
    SLICE_X7Y24.COUT     Tbyp                  0.130   XLXI_2/COUNT<4>
                                                       XLXI_2/Mcount_COUNT_cy<4>
                                                       XLXI_2/Mcount_COUNT_cy<5>
    SLICE_X7Y25.CIN      net (fanout=1)        0.000   XLXI_2/Mcount_COUNT_cy<5>
    SLICE_X7Y25.COUT     Tbyp                  0.130   XLXI_2/COUNT<6>
                                                       XLXI_2/Mcount_COUNT_cy<6>
                                                       XLXI_2/Mcount_COUNT_cy<7>
    SLICE_X7Y26.CIN      net (fanout=1)        0.000   XLXI_2/Mcount_COUNT_cy<7>
    SLICE_X7Y26.COUT     Tbyp                  0.130   XLXI_2/COUNT<8>
                                                       XLXI_2/Mcount_COUNT_cy<8>
                                                       XLXI_2/Mcount_COUNT_cy<9>
    SLICE_X7Y27.CIN      net (fanout=1)        0.000   XLXI_2/Mcount_COUNT_cy<9>
    SLICE_X7Y27.COUT     Tbyp                  0.130   XLXI_2/COUNT<10>
                                                       XLXI_2/Mcount_COUNT_cy<10>
                                                       XLXI_2/Mcount_COUNT_cy<11>
    SLICE_X7Y28.CIN      net (fanout=1)        0.000   XLXI_2/Mcount_COUNT_cy<11>
    SLICE_X7Y28.COUT     Tbyp                  0.130   XLXI_2/COUNT<12>
                                                       XLXI_2/Mcount_COUNT_cy<12>
                                                       XLXI_2/Mcount_COUNT_cy<13>
    SLICE_X7Y29.CIN      net (fanout=1)        0.000   XLXI_2/Mcount_COUNT_cy<13>
    SLICE_X7Y29.CLK      Tcinck                0.704   XLXI_2/COUNT<14>
                                                       XLXI_2/Mcount_COUNT_cy<14>
                                                       XLXI_2/Mcount_COUNT_xor<15>
                                                       XLXI_2/COUNT_15
    -------------------------------------------------  ---------------------------
    Total                                      3.294ns (2.875ns logic, 0.419ns route)
                                                       (87.3% logic, 12.7% route)

--------------------------------------------------------------------------------

Paths for end point XLXI_2/COUNT_13 (SLICE_X7Y28.CIN), 12 paths
--------------------------------------------------------------------------------
Slack (setup path):     80.043ns (requirement - (data path - clock path skew + uncertainty))
  Source:               XLXI_2/COUNT_0 (FF)
  Destination:          XLXI_2/COUNT_13 (FF)
  Requirement:          83.333ns
  Data Path Delay:      3.304ns (Levels of Logic = 7)
  Clock Path Skew:      0.014ns (0.052 - 0.038)
  Source Clock:         CLOCK_BUFGP rising at 0.000ns
  Destination Clock:    CLOCK_BUFGP rising at 83.333ns
  Clock Uncertainty:    0.000ns

  Maximum Data Path: XLXI_2/COUNT_0 to XLXI_2/COUNT_13
    Location             Delay type         Delay(ns)  Physical Resource
                                                       Logical Resource(s)
    -------------------------------------------------  -------------------
    SLICE_X7Y22.XQ       Tcko                  0.495   XLXI_2/COUNT<0>
                                                       XLXI_2/COUNT_0
    SLICE_X7Y22.F1       net (fanout=2)        0.429   XLXI_2/COUNT<0>
    SLICE_X7Y22.COUT     Topcyf                1.026   XLXI_2/COUNT<0>
                                                       XLXI_2/Mcount_COUNT_lut<0>_INV_0
                                                       XLXI_2/Mcount_COUNT_cy<0>
                                                       XLXI_2/Mcount_COUNT_cy<1>
    SLICE_X7Y23.CIN      net (fanout=1)        0.000   XLXI_2/Mcount_COUNT_cy<1>
    SLICE_X7Y23.COUT     Tbyp                  0.130   XLXI_2/COUNT<2>
                                                       XLXI_2/Mcount_COUNT_cy<2>
                                                       XLXI_2/Mcount_COUNT_cy<3>
    SLICE_X7Y24.CIN      net (fanout=1)        0.000   XLXI_2/Mcount_COUNT_cy<3>
    SLICE_X7Y24.COUT     Tbyp                  0.130   XLXI_2/COUNT<4>
                                                       XLXI_2/Mcount_COUNT_cy<4>
                                                       XLXI_2/Mcount_COUNT_cy<5>
    SLICE_X7Y25.CIN      net (fanout=1)        0.000   XLXI_2/Mcount_COUNT_cy<5>
    SLICE_X7Y25.COUT     Tbyp                  0.130   XLXI_2/COUNT<6>
                                                       XLXI_2/Mcount_COUNT_cy<6>
                                                       XLXI_2/Mcount_COUNT_cy<7>
    SLICE_X7Y26.CIN      net (fanout=1)        0.000   XLXI_2/Mcount_COUNT_cy<7>
    SLICE_X7Y26.COUT     Tbyp                  0.130   XLXI_2/COUNT<8>
                                                       XLXI_2/Mcount_COUNT_cy<8>
                                                       XLXI_2/Mcount_COUNT_cy<9>
    SLICE_X7Y27.CIN      net (fanout=1)        0.000   XLXI_2/Mcount_COUNT_cy<9>
    SLICE_X7Y27.COUT     Tbyp                  0.130   XLXI_2/COUNT<10>
                                                       XLXI_2/Mcount_COUNT_cy<10>
                                                       XLXI_2/Mcount_COUNT_cy<11>
    SLICE_X7Y28.CIN      net (fanout=1)        0.000   XLXI_2/Mcount_COUNT_cy<11>
    SLICE_X7Y28.CLK      Tcinck                0.704   XLXI_2/COUNT<12>
                                                       XLXI_2/Mcount_COUNT_cy<12>
                                                       XLXI_2/Mcount_COUNT_xor<13>
                                                       XLXI_2/COUNT_13
    -------------------------------------------------  ---------------------------
    Total                                      3.304ns (2.875ns logic, 0.429ns route)
                                                       (87.0% logic, 13.0% route)

--------------------------------------------------------------------------------
Slack (setup path):     80.132ns (requirement - (data path - clock path skew + uncertainty))
  Source:               XLXI_2/COUNT_1 (FF)
  Destination:          XLXI_2/COUNT_13 (FF)
  Requirement:          83.333ns
  Data Path Delay:      3.215ns (Levels of Logic = 7)
  Clock Path Skew:      0.014ns (0.052 - 0.038)
  Source Clock:         CLOCK_BUFGP rising at 0.000ns
  Destination Clock:    CLOCK_BUFGP rising at 83.333ns
  Clock Uncertainty:    0.000ns

  Maximum Data Path: XLXI_2/COUNT_1 to XLXI_2/COUNT_13
    Location             Delay type         Delay(ns)  Physical Resource
                                                       Logical Resource(s)
    -------------------------------------------------  -------------------
    SLICE_X7Y22.YQ       Tcko                  0.524   XLXI_2/COUNT<0>
                                                       XLXI_2/COUNT_1
    SLICE_X7Y22.G4       net (fanout=2)        0.328   XLXI_2/COUNT<1>
    SLICE_X7Y22.COUT     Topcyg                1.009   XLXI_2/COUNT<0>
                                                       XLXI_2/COUNT<1>_rt
                                                       XLXI_2/Mcount_COUNT_cy<1>
    SLICE_X7Y23.CIN      net (fanout=1)        0.000   XLXI_2/Mcount_COUNT_cy<1>
    SLICE_X7Y23.COUT     Tbyp                  0.130   XLXI_2/COUNT<2>
                                                       XLXI_2/Mcount_COUNT_cy<2>
                                                       XLXI_2/Mcount_COUNT_cy<3>
    SLICE_X7Y24.CIN      net (fanout=1)        0.000   XLXI_2/Mcount_COUNT_cy<3>
    SLICE_X7Y24.COUT     Tbyp                  0.130   XLXI_2/COUNT<4>
                                                       XLXI_2/Mcount_COUNT_cy<4>
                                                       XLXI_2/Mcount_COUNT_cy<5>
    SLICE_X7Y25.CIN      net (fanout=1)        0.000   XLXI_2/Mcount_COUNT_cy<5>
    SLICE_X7Y25.COUT     Tbyp                  0.130   XLXI_2/COUNT<6>
                                                       XLXI_2/Mcount_COUNT_cy<6>
                                                       XLXI_2/Mcount_COUNT_cy<7>
    SLICE_X7Y26.CIN      net (fanout=1)        0.000   XLXI_2/Mcount_COUNT_cy<7>
    SLICE_X7Y26.COUT     Tbyp                  0.130   XLXI_2/COUNT<8>
                                                       XLXI_2/Mcount_COUNT_cy<8>
                                                       XLXI_2/Mcount_COUNT_cy<9>
    SLICE_X7Y27.CIN      net (fanout=1)        0.000   XLXI_2/Mcount_COUNT_cy<9>
    SLICE_X7Y27.COUT     Tbyp                  0.130   XLXI_2/COUNT<10>
                                                       XLXI_2/Mcount_COUNT_cy<10>
                                                       XLXI_2/Mcount_COUNT_cy<11>
    SLICE_X7Y28.CIN      net (fanout=1)        0.000   XLXI_2/Mcount_COUNT_cy<11>
    SLICE_X7Y28.CLK      Tcinck                0.704   XLXI_2/COUNT<12>
                                                       XLXI_2/Mcount_COUNT_cy<12>
                                                       XLXI_2/Mcount_COUNT_xor<13>
                                                       XLXI_2/COUNT_13
    -------------------------------------------------  ---------------------------
    Total                                      3.215ns (2.887ns logic, 0.328ns route)
                                                       (89.8% logic, 10.2% route)

--------------------------------------------------------------------------------
Slack (setup path):     80.183ns (requirement - (data path - clock path skew + uncertainty))
  Source:               XLXI_2/COUNT_2 (FF)
  Destination:          XLXI_2/COUNT_13 (FF)
  Requirement:          83.333ns
  Data Path Delay:      3.164ns (Levels of Logic = 6)
  Clock Path Skew:      0.014ns (0.052 - 0.038)
  Source Clock:         CLOCK_BUFGP rising at 0.000ns
  Destination Clock:    CLOCK_BUFGP rising at 83.333ns
  Clock Uncertainty:    0.000ns

  Maximum Data Path: XLXI_2/COUNT_2 to XLXI_2/COUNT_13
    Location             Delay type         Delay(ns)  Physical Resource
                                                       Logical Resource(s)
    -------------------------------------------------  -------------------
    SLICE_X7Y23.XQ       Tcko                  0.495   XLXI_2/COUNT<2>
                                                       XLXI_2/COUNT_2
    SLICE_X7Y23.F2       net (fanout=2)        0.419   XLXI_2/COUNT<2>
    SLICE_X7Y23.COUT     Topcyf                1.026   XLXI_2/COUNT<2>
                                                       XLXI_2/COUNT<2>_rt
                                                       XLXI_2/Mcount_COUNT_cy<2>
                                                       XLXI_2/Mcount_COUNT_cy<3>
    SLICE_X7Y24.CIN      net (fanout=1)        0.000   XLXI_2/Mcount_COUNT_cy<3>
    SLICE_X7Y24.COUT     Tbyp                  0.130   XLXI_2/COUNT<4>
                                                       XLXI_2/Mcount_COUNT_cy<4>
                                                       XLXI_2/Mcount_COUNT_cy<5>
    SLICE_X7Y25.CIN      net (fanout=1)        0.000   XLXI_2/Mcount_COUNT_cy<5>
    SLICE_X7Y25.COUT     Tbyp                  0.130   XLXI_2/COUNT<6>
                                                       XLXI_2/Mcount_COUNT_cy<6>
                                                       XLXI_2/Mcount_COUNT_cy<7>
    SLICE_X7Y26.CIN      net (fanout=1)        0.000   XLXI_2/Mcount_COUNT_cy<7>
    SLICE_X7Y26.COUT     Tbyp                  0.130   XLXI_2/COUNT<8>
                                                       XLXI_2/Mcount_COUNT_cy<8>
                                                       XLXI_2/Mcount_COUNT_cy<9>
    SLICE_X7Y27.CIN      net (fanout=1)        0.000   XLXI_2/Mcount_COUNT_cy<9>
    SLICE_X7Y27.COUT     Tbyp                  0.130   XLXI_2/COUNT<10>
                                                       XLXI_2/Mcount_COUNT_cy<10>
                                                       XLXI_2/Mcount_COUNT_cy<11>
    SLICE_X7Y28.CIN      net (fanout=1)        0.000   XLXI_2/Mcount_COUNT_cy<11>
    SLICE_X7Y28.CLK      Tcinck                0.704   XLXI_2/COUNT<12>
                                                       XLXI_2/Mcount_COUNT_cy<12>
                                                       XLXI_2/Mcount_COUNT_xor<13>
                                                       XLXI_2/COUNT_13
    -------------------------------------------------  ---------------------------
    Total                                      3.164ns (2.745ns logic, 0.419ns route)
                                                       (86.8% logic, 13.2% route)

--------------------------------------------------------------------------------

Paths for end point XLXI_2/COUNT_14 (SLICE_X7Y29.CIN), 14 paths
--------------------------------------------------------------------------------
Slack (setup path):     80.088ns (requirement - (data path - clock path skew + uncertainty))
  Source:               XLXI_2/COUNT_0 (FF)
  Destination:          XLXI_2/COUNT_14 (FF)
  Requirement:          83.333ns
  Data Path Delay:      3.259ns (Levels of Logic = 8)
  Clock Path Skew:      0.014ns (0.052 - 0.038)
  Source Clock:         CLOCK_BUFGP rising at 0.000ns
  Destination Clock:    CLOCK_BUFGP rising at 83.333ns
  Clock Uncertainty:    0.000ns

  Maximum Data Path: XLXI_2/COUNT_0 to XLXI_2/COUNT_14
    Location             Delay type         Delay(ns)  Physical Resource
                                                       Logical Resource(s)
    -------------------------------------------------  -------------------
    SLICE_X7Y22.XQ       Tcko                  0.495   XLXI_2/COUNT<0>
                                                       XLXI_2/COUNT_0
    SLICE_X7Y22.F1       net (fanout=2)        0.429   XLXI_2/COUNT<0>
    SLICE_X7Y22.COUT     Topcyf                1.026   XLXI_2/COUNT<0>
                                                       XLXI_2/Mcount_COUNT_lut<0>_INV_0
                                                       XLXI_2/Mcount_COUNT_cy<0>
                                                       XLXI_2/Mcount_COUNT_cy<1>
    SLICE_X7Y23.CIN      net (fanout=1)        0.000   XLXI_2/Mcount_COUNT_cy<1>
    SLICE_X7Y23.COUT     Tbyp                  0.130   XLXI_2/COUNT<2>
                                                       XLXI_2/Mcount_COUNT_cy<2>
                                                       XLXI_2/Mcount_COUNT_cy<3>
    SLICE_X7Y24.CIN      net (fanout=1)        0.000   XLXI_2/Mcount_COUNT_cy<3>
    SLICE_X7Y24.COUT     Tbyp                  0.130   XLXI_2/COUNT<4>
                                                       XLXI_2/Mcount_COUNT_cy<4>
                                                       XLXI_2/Mcount_COUNT_cy<5>
    SLICE_X7Y25.CIN      net (fanout=1)        0.000   XLXI_2/Mcount_COUNT_cy<5>
    SLICE_X7Y25.COUT     Tbyp                  0.130   XLXI_2/COUNT<6>
                                                       XLXI_2/Mcount_COUNT_cy<6>
                                                       XLXI_2/Mcount_COUNT_cy<7>
    SLICE_X7Y26.CIN      net (fanout=1)        0.000   XLXI_2/Mcount_COUNT_cy<7>
    SLICE_X7Y26.COUT     Tbyp                  0.130   XLXI_2/COUNT<8>
                                                       XLXI_2/Mcount_COUNT_cy<8>
                                                       XLXI_2/Mcount_COUNT_cy<9>
    SLICE_X7Y27.CIN      net (fanout=1)        0.000   XLXI_2/Mcount_COUNT_cy<9>
    SLICE_X7Y27.COUT     Tbyp                  0.130   XLXI_2/COUNT<10>
                                                       XLXI_2/Mcount_COUNT_cy<10>
                                                       XLXI_2/Mcount_COUNT_cy<11>
    SLICE_X7Y28.CIN      net (fanout=1)        0.000   XLXI_2/Mcount_COUNT_cy<11>
    SLICE_X7Y28.COUT     Tbyp                  0.130   XLXI_2/COUNT<12>
                                                       XLXI_2/Mcount_COUNT_cy<12>
                                                       XLXI_2/Mcount_COUNT_cy<13>
    SLICE_X7Y29.CIN      net (fanout=1)        0.000   XLXI_2/Mcount_COUNT_cy<13>
    SLICE_X7Y29.CLK      Tcinck                0.529   XLXI_2/COUNT<14>
                                                       XLXI_2/Mcount_COUNT_xor<14>
                                                       XLXI_2/COUNT_14
    -------------------------------------------------  ---------------------------
    Total                                      3.259ns (2.830ns logic, 0.429ns route)
                                                       (86.8% logic, 13.2% route)

--------------------------------------------------------------------------------
Slack (setup path):     80.177ns (requirement - (data path - clock path skew + uncertainty))
  Source:               XLXI_2/COUNT_1 (FF)
  Destination:          XLXI_2/COUNT_14 (FF)
  Requirement:          83.333ns
  Data Path Delay:      3.170ns (Levels of Logic = 8)
  Clock Path Skew:      0.014ns (0.052 - 0.038)
  Source Clock:         CLOCK_BUFGP rising at 0.000ns
  Destination Clock:    CLOCK_BUFGP rising at 83.333ns
  Clock Uncertainty:    0.000ns

  Maximum Data Path: XLXI_2/COUNT_1 to XLXI_2/COUNT_14
    Location             Delay type         Delay(ns)  Physical Resource
                                                       Logical Resource(s)
    -------------------------------------------------  -------------------
    SLICE_X7Y22.YQ       Tcko                  0.524   XLXI_2/COUNT<0>
                                                       XLXI_2/COUNT_1
    SLICE_X7Y22.G4       net (fanout=2)        0.328   XLXI_2/COUNT<1>
    SLICE_X7Y22.COUT     Topcyg                1.009   XLXI_2/COUNT<0>
                                                       XLXI_2/COUNT<1>_rt
                                                       XLXI_2/Mcount_COUNT_cy<1>
    SLICE_X7Y23.CIN      net (fanout=1)        0.000   XLXI_2/Mcount_COUNT_cy<1>
    SLICE_X7Y23.COUT     Tbyp                  0.130   XLXI_2/COUNT<2>
                                                       XLXI_2/Mcount_COUNT_cy<2>
                                                       XLXI_2/Mcount_COUNT_cy<3>
    SLICE_X7Y24.CIN      net (fanout=1)        0.000   XLXI_2/Mcount_COUNT_cy<3>
    SLICE_X7Y24.COUT     Tbyp                  0.130   XLXI_2/COUNT<4>
                                                       XLXI_2/Mcount_COUNT_cy<4>
                                                       XLXI_2/Mcount_COUNT_cy<5>
    SLICE_X7Y25.CIN      net (fanout=1)        0.000   XLXI_2/Mcount_COUNT_cy<5>
    SLICE_X7Y25.COUT     Tbyp                  0.130   XLXI_2/COUNT<6>
                                                       XLXI_2/Mcount_COUNT_cy<6>
                                                       XLXI_2/Mcount_COUNT_cy<7>
    SLICE_X7Y26.CIN      net (fanout=1)        0.000   XLXI_2/Mcount_COUNT_cy<7>
    SLICE_X7Y26.COUT     Tbyp                  0.130   XLXI_2/COUNT<8>
                                                       XLXI_2/Mcount_COUNT_cy<8>
                                                       XLXI_2/Mcount_COUNT_cy<9>
    SLICE_X7Y27.CIN      net (fanout=1)        0.000   XLXI_2/Mcount_COUNT_cy<9>
    SLICE_X7Y27.COUT     Tbyp                  0.130   XLXI_2/COUNT<10>
                                                       XLXI_2/Mcount_COUNT_cy<10>
                                                       XLXI_2/Mcount_COUNT_cy<11>
    SLICE_X7Y28.CIN      net (fanout=1)        0.000   XLXI_2/Mcount_COUNT_cy<11>
    SLICE_X7Y28.COUT     Tbyp                  0.130   XLXI_2/COUNT<12>
                                                       XLXI_2/Mcount_COUNT_cy<12>
                                                       XLXI_2/Mcount_COUNT_cy<13>
    SLICE_X7Y29.CIN      net (fanout=1)        0.000   XLXI_2/Mcount_COUNT_cy<13>
    SLICE_X7Y29.CLK      Tcinck                0.529   XLXI_2/COUNT<14>
                                                       XLXI_2/Mcount_COUNT_xor<14>
                                                       XLXI_2/COUNT_14
    -------------------------------------------------  ---------------------------
    Total                                      3.170ns (2.842ns logic, 0.328ns route)
                                                       (89.7% logic, 10.3% route)

--------------------------------------------------------------------------------
Slack (setup path):     80.228ns (requirement - (data path - clock path skew + uncertainty))
  Source:               XLXI_2/COUNT_2 (FF)
  Destination:          XLXI_2/COUNT_14 (FF)
  Requirement:          83.333ns
  Data Path Delay:      3.119ns (Levels of Logic = 7)
  Clock Path Skew:      0.014ns (0.052 - 0.038)
  Source Clock:         CLOCK_BUFGP rising at 0.000ns
  Destination Clock:    CLOCK_BUFGP rising at 83.333ns
  Clock Uncertainty:    0.000ns

  Maximum Data Path: XLXI_2/COUNT_2 to XLXI_2/COUNT_14
    Location             Delay type         Delay(ns)  Physical Resource
                                                       Logical Resource(s)
    -------------------------------------------------  -------------------
    SLICE_X7Y23.XQ       Tcko                  0.495   XLXI_2/COUNT<2>
                                                       XLXI_2/COUNT_2
    SLICE_X7Y23.F2       net (fanout=2)        0.419   XLXI_2/COUNT<2>
    SLICE_X7Y23.COUT     Topcyf                1.026   XLXI_2/COUNT<2>
                                                       XLXI_2/COUNT<2>_rt
                                                       XLXI_2/Mcount_COUNT_cy<2>
                                                       XLXI_2/Mcount_COUNT_cy<3>
    SLICE_X7Y24.CIN      net (fanout=1)        0.000   XLXI_2/Mcount_COUNT_cy<3>
    SLICE_X7Y24.COUT     Tbyp                  0.130   XLXI_2/COUNT<4>
                                                       XLXI_2/Mcount_COUNT_cy<4>
                                                       XLXI_2/Mcount_COUNT_cy<5>
    SLICE_X7Y25.CIN      net (fanout=1)        0.000   XLXI_2/Mcount_COUNT_cy<5>
    SLICE_X7Y25.COUT     Tbyp                  0.130   XLXI_2/COUNT<6>
                                                       XLXI_2/Mcount_COUNT_cy<6>
                                                       XLXI_2/Mcount_COUNT_cy<7>
    SLICE_X7Y26.CIN      net (fanout=1)        0.000   XLXI_2/Mcount_COUNT_cy<7>
    SLICE_X7Y26.COUT     Tbyp                  0.130   XLXI_2/COUNT<8>
                                                       XLXI_2/Mcount_COUNT_cy<8>
                                                       XLXI_2/Mcount_COUNT_cy<9>
    SLICE_X7Y27.CIN      net (fanout=1)        0.000   XLXI_2/Mcount_COUNT_cy<9>
    SLICE_X7Y27.COUT     Tbyp                  0.130   XLXI_2/COUNT<10>
                                                       XLXI_2/Mcount_COUNT_cy<10>
                                                       XLXI_2/Mcount_COUNT_cy<11>
    SLICE_X7Y28.CIN      net (fanout=1)        0.000   XLXI_2/Mcount_COUNT_cy<11>
    SLICE_X7Y28.COUT     Tbyp                  0.130   XLXI_2/COUNT<12>
                                                       XLXI_2/Mcount_COUNT_cy<12>
                                                       XLXI_2/Mcount_COUNT_cy<13>
    SLICE_X7Y29.CIN      net (fanout=1)        0.000   XLXI_2/Mcount_COUNT_cy<13>
    SLICE_X7Y29.CLK      Tcinck                0.529   XLXI_2/COUNT<14>
                                                       XLXI_2/Mcount_COUNT_xor<14>
                                                       XLXI_2/COUNT_14
    -------------------------------------------------  ---------------------------
    Total                                      3.119ns (2.700ns logic, 0.419ns route)
                                                       (86.6% logic, 13.4% route)

--------------------------------------------------------------------------------

Hold Paths: NET "CLOCK_BUFGP/IBUFG" PERIOD = 83.3333333 ns HIGH 50%;
--------------------------------------------------------------------------------

Paths for end point XLXI_2/COUNT_12 (SLICE_X7Y28.F2), 1 path
--------------------------------------------------------------------------------
Slack (hold path):      1.432ns (requirement - (clock path skew + uncertainty - data path))
  Source:               XLXI_2/COUNT_12 (FF)
  Destination:          XLXI_2/COUNT_12 (FF)
  Requirement:          0.000ns
  Data Path Delay:      1.432ns (Levels of Logic = 1)
  Clock Path Skew:      0.000ns
  Source Clock:         CLOCK_BUFGP rising at 83.333ns
  Destination Clock:    CLOCK_BUFGP rising at 83.333ns
  Clock Uncertainty:    0.000ns

  Minimum Data Path: XLXI_2/COUNT_12 to XLXI_2/COUNT_12
    Location             Delay type         Delay(ns)  Physical Resource
                                                       Logical Resource(s)
    -------------------------------------------------  -------------------
    SLICE_X7Y28.XQ       Tcko                  0.396   XLXI_2/COUNT<12>
                                                       XLXI_2/COUNT_12
    SLICE_X7Y28.F2       net (fanout=2)        0.334   XLXI_2/COUNT<12>
    SLICE_X7Y28.CLK      Tckf        (-Th)    -0.702   XLXI_2/COUNT<12>
                                                       XLXI_2/COUNT<12>_rt
                                                       XLXI_2/Mcount_COUNT_xor<12>
                                                       XLXI_2/COUNT_12
    -------------------------------------------------  ---------------------------
    Total                                      1.432ns (1.098ns logic, 0.334ns route)
                                                       (76.7% logic, 23.3% route)

--------------------------------------------------------------------------------

Paths for end point XLXI_2/COUNT_2 (SLICE_X7Y23.F2), 1 path
--------------------------------------------------------------------------------
Slack (hold path):      1.434ns (requirement - (clock path skew + uncertainty - data path))
  Source:               XLXI_2/COUNT_2 (FF)
  Destination:          XLXI_2/COUNT_2 (FF)
  Requirement:          0.000ns
  Data Path Delay:      1.434ns (Levels of Logic = 1)
  Clock Path Skew:      0.000ns
  Source Clock:         CLOCK_BUFGP rising at 83.333ns
  Destination Clock:    CLOCK_BUFGP rising at 83.333ns
  Clock Uncertainty:    0.000ns

  Minimum Data Path: XLXI_2/COUNT_2 to XLXI_2/COUNT_2
    Location             Delay type         Delay(ns)  Physical Resource
                                                       Logical Resource(s)
    -------------------------------------------------  -------------------
    SLICE_X7Y23.XQ       Tcko                  0.396   XLXI_2/COUNT<2>
                                                       XLXI_2/COUNT_2
    SLICE_X7Y23.F2       net (fanout=2)        0.336   XLXI_2/COUNT<2>
    SLICE_X7Y23.CLK      Tckf        (-Th)    -0.702   XLXI_2/COUNT<2>
                                                       XLXI_2/COUNT<2>_rt
                                                       XLXI_2/Mcount_COUNT_xor<2>
                                                       XLXI_2/COUNT_2
    -------------------------------------------------  ---------------------------
    Total                                      1.434ns (1.098ns logic, 0.336ns route)
                                                       (76.6% logic, 23.4% route)

--------------------------------------------------------------------------------

Paths for end point XLXI_2/COUNT_4 (SLICE_X7Y24.F2), 1 path
--------------------------------------------------------------------------------
Slack (hold path):      1.434ns (requirement - (clock path skew + uncertainty - data path))
  Source:               XLXI_2/COUNT_4 (FF)
  Destination:          XLXI_2/COUNT_4 (FF)
  Requirement:          0.000ns
  Data Path Delay:      1.434ns (Levels of Logic = 1)
  Clock Path Skew:      0.000ns
  Source Clock:         CLOCK_BUFGP rising at 83.333ns
  Destination Clock:    CLOCK_BUFGP rising at 83.333ns
  Clock Uncertainty:    0.000ns

  Minimum Data Path: XLXI_2/COUNT_4 to XLXI_2/COUNT_4
    Location             Delay type         Delay(ns)  Physical Resource
                                                       Logical Resource(s)
    -------------------------------------------------  -------------------
    SLICE_X7Y24.XQ       Tcko                  0.396   XLXI_2/COUNT<4>
                                                       XLXI_2/COUNT_4
    SLICE_X7Y24.F2       net (fanout=2)        0.336   XLXI_2/COUNT<4>
    SLICE_X7Y24.CLK      Tckf        (-Th)    -0.702   XLXI_2/COUNT<4>
                                                       XLXI_2/COUNT<4>_rt
                                                       XLXI_2/Mcount_COUNT_xor<4>
                                                       XLXI_2/COUNT_4
    -------------------------------------------------  ---------------------------
    Total                                      1.434ns (1.098ns logic, 0.336ns route)
                                                       (76.6% logic, 23.4% route)

--------------------------------------------------------------------------------

Component Switching Limit Checks: NET "CLOCK_BUFGP/IBUFG" PERIOD = 83.3333333 ns HIGH 50%;
--------------------------------------------------------------------------------
Slack: 82.085ns (period - (min low pulse limit / (low pulse / period)))
  Period: 83.333ns
  Low pulse: 41.666ns
  Low pulse limit: 0.624ns (Tcl)
  Physical resource: XLXI_2/COUNT<0>/CLK
  Logical resource: XLXI_2/COUNT_0/CK
  Location pin: SLICE_X7Y22.CLK
  Clock network: CLOCK_BUFGP
--------------------------------------------------------------------------------
Slack: 82.085ns (period - (min high pulse limit / (high pulse / period)))
  Period: 83.333ns
  High pulse: 41.666ns
  High pulse limit: 0.624ns (Tch)
  Physical resource: XLXI_2/COUNT<0>/CLK
  Logical resource: XLXI_2/COUNT_0/CK
  Location pin: SLICE_X7Y22.CLK
  Clock network: CLOCK_BUFGP
--------------------------------------------------------------------------------
Slack: 82.085ns (period - (min low pulse limit / (low pulse / period)))
  Period: 83.333ns
  Low pulse: 41.666ns
  Low pulse limit: 0.624ns (Tcl)
  Physical resource: XLXI_2/COUNT<0>/CLK
  Logical resource: XLXI_2/COUNT_1/CK
  Location pin: SLICE_X7Y22.CLK
  Clock network: CLOCK_BUFGP
--------------------------------------------------------------------------------


All constraints were met.


Data Sheet report:
-----------------
All values displayed in nanoseconds (ns)

Clock to Setup on destination clock CLOCK
---------------+---------+---------+---------+---------+
               | Src:Rise| Src:Fall| Src:Rise| Src:Fall|
Source Clock   |Dest:Rise|Dest:Rise|Dest:Fall|Dest:Fall|
---------------+---------+---------+---------+---------+
CLOCK          |    3.420|         |         |         |
---------------+---------+---------+---------+---------+


Timing summary:
---------------

Timing errors: 0  Score: 0  (Setup/Max: 0, Hold: 0)

Constraints cover 136 paths, 0 nets, and 32 connections

Design statistics:
   Minimum period:   3.420ns{1}   (Maximum frequency: 292.398MHz)


------------------------------------Footnotes-----------------------------------
1)  The minimum period statistic assumes all single cycle delays.

Analysis completed Mon May 01 18:06:21 2023 
--------------------------------------------------------------------------------

Trace Settings:
-------------------------
Trace Settings 

Peak Memory Usage: 4507 MB



