V3 23
FL C:/Users/Admin/Desktop/MKS/Lab_2_Example/LightController.vhf 2023/05/01.18:00:54 P.20131013
EN work/LightController 1682953578 \
      FL C:/Users/Admin/Desktop/MKS/Lab_2_Example/LightController.vhf \
      PB ieee/std_logic_1164 1381692176 PB ieee/NUMERIC_STD 1381692181 LB UNISIM \
      PH unisim/VCOMPONENTS 1381692182
AR work/LightController/BEHAVIORAL 1682953579 \
      FL C:/Users/Admin/Desktop/MKS/Lab_2_Example/LightController.vhf \
      EN work/LightController 1682953578 CP FD CP transition_logic_intf \
      CP out_logic_intf
FL C:/Users/Admin/Desktop/MKS/Lab_2_Example/OutputLogic.vhd 2023/05/01.18:06:05 P.20131013
EN work/out_logic_intf 1682953570 \
      FL C:/Users/Admin/Desktop/MKS/Lab_2_Example/OutputLogic.vhd \
      PB ieee/std_logic_1164 1381692176
AR work/out_logic_intf/out_logic_arch 1682953571 \
      FL C:/Users/Admin/Desktop/MKS/Lab_2_Example/OutputLogic.vhd \
      EN work/out_logic_intf 1682953570
FL C:/Users/Admin/Desktop/MKS/Lab_2_Example/TopLevel.vhf 2023/05/01.18:00:54 P.20131013
EN work/CC16RE_HXILINX_TopLevel 1682953572 \
      FL C:/Users/Admin/Desktop/MKS/Lab_2_Example/TopLevel.vhf \
      PB ieee/std_logic_1164 1381692176 PB ieee/std_logic_arith 1381692177 \
      PB ieee/STD_LOGIC_UNSIGNED 1381692179
AR work/CC16RE_HXILINX_TopLevel/CC16RE_HXILINX_TopLevel_V 1682953573 \
      FL C:/Users/Admin/Desktop/MKS/Lab_2_Example/TopLevel.vhf \
      EN work/CC16RE_HXILINX_TopLevel 1682953572
EN work/LightController_MUSER_TopLevel 1682953574 \
      FL C:/Users/Admin/Desktop/MKS/Lab_2_Example/TopLevel.vhf \
      PB ieee/std_logic_1164 1381692176 PB ieee/NUMERIC_STD 1381692181 LB UNISIM \
      PH unisim/VCOMPONENTS 1381692182
AR work/LightController_MUSER_TopLevel/BEHAVIORAL 1682953575 \
      FL C:/Users/Admin/Desktop/MKS/Lab_2_Example/TopLevel.vhf \
      EN work/LightController_MUSER_TopLevel 1682953574 CP FD \
      CP transition_logic_intf CP out_logic_intf
EN work/TopLevel 1682953576 \
      FL C:/Users/Admin/Desktop/MKS/Lab_2_Example/TopLevel.vhf \
      PB ieee/std_logic_1164 1381692176 PB ieee/NUMERIC_STD 1381692181 LB UNISIM \
      PH unisim/VCOMPONENTS 1381692182
AR work/TopLevel/BEHAVIORAL 1682953577 \
      FL C:/Users/Admin/Desktop/MKS/Lab_2_Example/TopLevel.vhf EN work/TopLevel 1682953576 \
      CP CC16RE_HXILINX_TopLevel CP MUXCY CP FD CP LightController_MUSER_TopLevel
FL C:/Users/Admin/Desktop/MKS/Lab_2_Example/TransitionLogic.vhd 2023/05/01.17:49:26 P.20131013
EN work/transition_logic_intf 1682953568 \
      FL C:/Users/Admin/Desktop/MKS/Lab_2_Example/TransitionLogic.vhd \
      PB ieee/std_logic_1164 1381692176
AR work/transition_logic_intf/transition_logic_arch 1682953569 \
      FL C:/Users/Admin/Desktop/MKS/Lab_2_Example/TransitionLogic.vhd \
      EN work/transition_logic_intf 1682953568
